>>> from my_module import add_integer
>>> add_integer(2, 3)
5
>>> add_integer(100, -2)
98
>>> add_integer(2.5, 3.5)
5
>>> add_integer(2)
100
>>> add_integer("two", 3)
Traceback (most recent call last):
    ...
TypeError: a must be an integer
>>> add_integer(2, "three")
Traceback (most recent call last):
    ...
TypeError: b must be an integer
